<h2>A short description of the markdown style</h2>
<p>A full description can be found here: <a href="https://github.com/adam-p/markdown-here/wiki/Markdown-Cheatsheet">Markdown Cheatsheet</a></p>
<h3>HEADERS:</h3>
<p>with a number of leading hash <code>#</code> characters:</p>
<h1># Header1</h1>
<h2>## Header2</h2>
<h3>### Header3</h3>
<h4>#### Header4</h4>
<h5>##### Header5</h5>
<h6>###### Header6</h6>
<h3>EMPHASIS:</h3>
<p>with different leading and trailing characters:</p>
<p>Emphasis, aka italics, with *<em>asterisks</em>* or <em>_underscores_</em></p>
<p>Strong emphasis, aka bold, with **<strong>asterisks</strong>** or <strong>__underscores__</strong></p>
<h3>LINKS:</h3>
<p>A link with a label: <a href="https://www.google.com">An inline-style link</a> is written as </p>
<p><code>[An inline-style link](https://www.google.com)</code></p>
<p>For more organised peoples and/or scientists - there is also a reference style link definitions (see cheat sheet)</p>
<h3>IMAGES:</h3>
<p><code>![alternative text](http://www.url.to/image.png &amp;quot;Logo Hover Text&amp;quot;)</code> will show: <img alt="alternative text" src="/static/sublog.png" title="&amp;quot;Logo Hover Text&amp;quot;" /></p>
<p>Similar to links a reference style organisation of the images is possible.</p>
<h3>SYNTAX AND QUOTATIONS:</h3>
<p>a separate quotation can be done `<code>with single back-ticks</code>`</p>
<h3>NOT SUPPORTED:</h3>
<ul>
<li>Tables</li>
<li>Block quotation</li>
<li>Strike through using tildes</li>
<li>and maybe more - not yet tested</li>
</ul>
