<p>Similar to links a reference style organisation of the images is possible.</p>
<p><code>![alternative text](http://www.url.to/image.png "Logo Hover Text")</code> will show: <a href="/static/sublog.png" target="_blank"><img alt="alternative text" src="/static/sublog.png" style="max-width:100%;" title="Logo Hover Text" /></a></p>
